<html>
<body>
<pre>
<h1>µVision Build Log</h1>
<h2>Tool Versions:</h2>
IDE-Version: ¦ÌVision V5.36.0.0
Copyright (C) 2021 ARM Ltd and ARM Germany GmbH. All rights reserved.
License Information: yaojintao 17752352458, 111, LIC=KRMW3-ALAL7-LQU0Q-NYXF5-FM835-M89TY
 
Tool Versions:
Toolchain:       MDK-ARM Plus  Version: 5.36.0.0
Toolchain Path:  E:\MDK\ARM\ARMCC\Bin
C Compiler:      Armcc.exe V5.06 update 7 (build 960)
Assembler:       Armasm.exe V5.06 update 7 (build 960)
Linker/Locator:  ArmLink.exe V5.06 update 7 (build 960)
Library Manager: ArmAr.exe V5.06 update 7 (build 960)
Hex Converter:   FromElf.exe V5.06 update 7 (build 960)
CPU DLL:         SARMCM3.DLL V5.36.0.0
Dialog DLL:      DCM.DLL V1.17.3.0
Target DLL:      STLink\ST-LINKIII-KEIL_SWO.dll V3.0.9.0
Dialog DLL:      TCM.DLL V1.53.0.0
 
<h2>Project:</h2>
H:\openmv+32£¨JiXieBi£©\visual_robotic_arm-master\¿ØÖÆ²¿·Ö\robotic_arm_demo\MDK-ARM\robotic_arm_demo.uvprojx
Project File Date:  10/30/2022

<h2>Output:</h2>
*** Using Compiler 'V5.06 update 7 (build 960)', folder: 'E:\MDK\ARM\ARMCC\Bin'
Build target 'robotic_arm_demo'
compiling main.c...
../Core/Inc/usart.h(54): warning:  #1-D: last line of file ends without a newline
  /************************ (C) COPYRIGHT STMicroelectronics *****END OF FILE****/
../Core/Src/main.c(114): warning:  #177-D: variable "temp_x"  was declared but never referenced
      int temp_x = center_x,temp_y = center_y;
../Core/Src/main.c(114): warning:  #177-D: variable "temp_y"  was declared but never referenced
      int temp_x = center_x,temp_y = center_y;
../Core/Src/main.c(115): warning:  #177-D: variable "temp_color"  was declared but never referenced
      char temp_color = color_type; 
../Core/Src/main.c: 4 warnings, 0 errors
linking...
Program Size: Code=12252 RO-data=292 RW-data=288 ZI-data=1328  
FromELF: creating hex file...
"robotic_arm_demo\robotic_arm_demo.axf" - 0 Error(s), 4 Warning(s).

<h2>Software Packages used:</h2>

Package Vendor: ARM
                http://www.keil.com/pack/ARM.CMSIS.5.8.0.pack
                ARM.CMSIS.5.8.0
                CMSIS (Common Microcontroller Software Interface Standard)
   * Component: CORE Version: 5.5.0

Package Vendor: Keil
                http://www.keil.com/pack/Keil.STM32F1xx_DFP.2.2.0.pack
                Keil.STM32F1xx_DFP.2.2.0
                STMicroelectronics STM32F1 Series Device Support, Drivers and Examples

<h2>Collection of Component include folders:</h2>
  .\RTE\_robotic_arm_demo
  E:\MDK\ARM\CMSIS\5.8.0\CMSIS\Core\Include
  E:\MDK\Keil\STM32F1xx_DFP\2.2.0\Device\Include

<h2>Collection of Component Files used:</h2>

   * Component: ARM::CMSIS:CORE:5.5.0
      Include file:  CMSIS\Core\Include\tz_context.h
Build Time Elapsed:  00:00:02
</pre>
</body>
</html>
